LAB_7_C2                                                                                                                PAGE 1
                         1     #include <AR89C513xA.h>
****ERROR: Unknown keyword: `#include'
	`#include' is neither macro nor instruction nor directive
                         2     #define lcd_data P2
****ERROR: Unknown keyword: `#define'
	`#define' is neither macro nor instruction nor directive
                         3     #define lcd_rs P0_0
****ERROR: Unknown keyword: `#define'
	`#define' is neither macro nor instruction nor directive
                         4     #define lcd_rw P0_1
****ERROR: Unknown keyword: `#define'
	`#define' is neither macro nor instruction nor directive
                         5     #define lcd_en P0_2
****ERROR: Unknown keyword: `#define'
	`#define' is neither macro nor instruction nor directive
                         6
                         7     void lcd_init();
****ERROR: Unknown keyword: `void'
	`void' is neither macro nor instruction nor directive
                         8     void lcd_datawrite(unsigned char dat);
****ERROR: Unknown keyword: `void'
	`void' is neither macro nor instruction nor directive
                         9     void lcd_cmdwrite(unsigned char cmd);
****ERROR: Unknown keyword: `void'
	`void' is neither macro nor instruction nor directive
                        10     void sdelay(unsigned int delay);
****ERROR: Unknown keyword: `void'
	`void' is neither macro nor instruction nor directive
                        11
                        12     void main(void)
****ERROR: Unknown keyword: `void'
	`void' is neither macro nor instruction nor directive
                        13     {
****ERROR: Unknown keyword: `{'
	`{' is neither macro nor instruction nor directive
                        14             P2 = 0x00
****ERROR: Unknown keyword: `P2'
	`P2' is neither macro nor instruction nor directive
                        15             lcd_init();
****ERROR: Unknown keyword: `lcd_init()'
	`lcd_init()' is neither macro nor instruction nor directive
                        16             while(1)
****ERROR: Unknown keyword: `while(1)'
	`while(1)' is neither macro nor instruction nor directive
                        17      {
****ERROR: Unknown keyword: `{'
	`{' is neither macro nor instruction nor directive
                        18             sdelay(500);
****ERROR: Unknown keyword: `sdelay(500)'
	`sdelay(500)' is neither macro nor instruction nor directive
                        19             lcd_cmdwrite(0x85);
****ERROR: Unknown keyword: `lcd_cmdwrite(0x85)'
	`lcd_cmdwrite(0x85)' is neither macro nor instruction nor directive
                        20             sdelay(18);
****ERROR: Unknown keyword: `sdelay(18)'
	`sdelay(18)' is neither macro nor instruction nor directive
                        21             lcd_datawrite('n');
****ERROR: Unknown keyword: `lcd_datawrite('n')'
	`lcd_datawrite('n')' is neither macro nor instruction nor directive
                        22             sdelay(500);
****ERROR: Unknown keyword: `sdelay(500)'
	`sdelay(500)' is neither macro nor instruction nor directive
                        23             lcd_cmdwrite(0xC3);
****ERROR: Unknown keyword: `lcd_cmdwrite(0xC3)'
	`lcd_cmdwrite(0xC3)' is neither macro nor instruction nor directive
                        24             sdelay(18);
****ERROR: Unknown keyword: `sdelay(18)'
	`sdelay(18)' is neither macro nor instruction nor directive
                        25             lcd_datawrite('1');
****ERROR: Unknown keyword: `lcd_datawrite('1')'
	`lcd_datawrite('1')' is neither macro nor instruction nor directive
                        26      }
****ERROR: Unknown keyword: `}'
	`}' is neither macro nor instruction nor directive
                        27     }
****ERROR: Unknown keyword: `}'
	`}' is neither macro nor instruction nor directive
                        28
                        29     void sdelay(unsigned int delay)
****ERROR: Unknown keyword: `void'
	`void' is neither macro nor instruction nor directive
                        30     {
****ERROR: Unknown keyword: `{'
	`{' is neither macro nor instruction nor directive
                        31             char d=0;
****ERROR: Unknown keyword: `char'
	`char' is neither macro nor instruction nor directive
                        32             while(delay>0)
****ERROR: Unknown keyword: `while(delay>0)'
	`while(delay>0)' is neither macro nor instruction nor directive
                        33             {
****ERROR: Unknown keyword: `{'
	`{' is neither macro nor instruction nor directive
                        34                     for(d=0;d<5;d++);
****ERROR: Unknown keyword: `for(d=0'
	`for(d=0' is neither macro nor instruction nor directive
                        35                     delay--;
****ERROR: Unknown keyword: `delay--'
	`delay--' is neither macro nor instruction nor directive
                        36             }
****ERROR: Unknown keyword: `}'
	`}' is neither macro nor instruction nor directive
                        37     }
****ERROR: Unknown keyword: `}'
	`}' is neither macro nor instruction nor directive
                        38     void lcd_init()
****ERROR: Unknown keyword: `void'
	`void' is neither macro nor instruction nor directive
                        39     {
****ERROR: Unknown keyword: `{'
	`{' is neither macro nor instruction nor directive
                        40      sdelay(100);
****ERROR: Unknown keyword: `sdelay(100)'
	`sdelay(100)' is neither macro nor instruction nor directive
                        41      lcd_cmdwrite(0x38);
****ERROR: Unknown keyword: `lcd_cmdwrite(0x38)'
	`lcd_cmdwrite(0x38)' is neither macro nor instruction nor directive
                        42      lcd_cmdwrite(0x0C);
****ERROR: Unknown keyword: `lcd_cmdwrite(0x0C)'
	`lcd_cmdwrite(0x0C)' is neither macro nor instruction nor directive
                        43      lcd_cmdwrite(0x01);
****ERROR: Unknown keyword: `lcd_cmdwrite(0x01)'
	`lcd_cmdwrite(0x01)' is neither macro nor instruction nor directive
                        44      lcd_cmdwrite(0x06);
****ERROR: Unknown keyword: `lcd_cmdwrite(0x06)'
	`lcd_cmdwrite(0x06)' is neither macro nor instruction nor directive
                        45     }
****ERROR: Unknown keyword: `}'
	`}' is neither macro nor instruction nor directive
                        46     void lcd_cmdwrite(unsigned char cmd)
****ERROR: Unknown keyword: `void'
	`void' is neither macro nor instruction nor directive
                        47     {
****ERROR: Unknown keyword: `{'
	`{' is neither macro nor instruction nor directive
                        48             lcd_data=cmd;
****ERROR: Unknown keyword: `lcd_data=cmd'
	`lcd_data=cmd' is neither macro nor instruction nor directive
                        49             lcd_rs=0;
****ERROR: Unknown keyword: `lcd_rs=0'
	`lcd_rs=0' is neither macro nor instruction nor directive
                        50             lcd_rw=0;
****ERROR: Unknown keyword: `lcd_rw=0'
	`lcd_rw=0' is neither macro nor instruction nor directive
                        51             lcd_en=1;
****ERROR: Unknown keyword: `lcd_en=1'
	`lcd_en=1' is neither macro nor instruction nor directive
                        52             sdelay(5);
****ERROR: Unknown keyword: `sdelay(5)'
	`sdelay(5)' is neither macro nor instruction nor directive
                        53             lcd_en=0;
****ERROR: Unknown keyword: `lcd_en=0'
	`lcd_en=0' is neither macro nor instruction nor directive
                        54             sdelay(5);
****ERROR: Unknown keyword: `sdelay(5)'
	`sdelay(5)' is neither macro nor instruction nor directive
                        55     }
****ERROR: Unknown keyword: `}'
	`}' is neither macro nor instruction nor directive
                        56     void lcd_datawrite(unsigned char dat)
****ERROR: Unknown keyword: `void'
	`void' is neither macro nor instruction nor directive
                        57     {
****ERROR: Unknown keyword: `{'
	`{' is neither macro nor instruction nor directive
                        58      lcd_data = dat;
****ERROR: Unknown keyword: `lcd_data'
	`lcd_data' is neither macro nor instruction nor directive
                        59      lcd_rs=1;
****ERROR: Unknown keyword: `lcd_rs=1'
	`lcd_rs=1' is neither macro nor instruction nor directive
                        60      lcd_rw=0;
****ERROR: Unknown keyword: `lcd_rw=0'
	`lcd_rw=0' is neither macro nor instruction nor directive
                        61      lcd_en=1;
****ERROR: Unknown keyword: `lcd_en=1'
	`lcd_en=1' is neither macro nor instruction nor directive
                        62      sdelay(5);
****ERROR: Unknown keyword: `sdelay(5)'
	`sdelay(5)' is neither macro nor instruction nor directive
                        63      lcd_en=0;
****ERROR: Unknown keyword: `lcd_en=0'
	`lcd_en=0' is neither macro nor instruction nor directive
                        64             sdelay(5);
****ERROR: Unknown keyword: `sdelay(5)'
	`sdelay(5)' is neither macro nor instruction nor directive
                        65     }
****ERROR: Unknown keyword: `}'
	`}' is neither macro nor instruction nor directive
****WARNING: No instruction found at address 0x00. Consider usage of appropriate ORG directive to clarify correct code placement.
                        66
****WARNING: Missing `END' directive
ASSEMBLY COMPLETE, 62 ERRORS FOUND, 2 WARNINGS


ERROR SUMMARY:
Line 1, ERROR: Unknown keyword: `#include'
	`#include' is neither macro nor instruction nor directive
Line 3, ERROR: Unknown keyword: `#define'
	`#define' is neither macro nor instruction nor directive
Line 5, ERROR: Unknown keyword: `#define'
	`#define' is neither macro nor instruction nor directive
Line 7, ERROR: Unknown keyword: `#define'
	`#define' is neither macro nor instruction nor directive
Line 9, ERROR: Unknown keyword: `#define'
	`#define' is neither macro nor instruction nor directive
Line 12, ERROR: Unknown keyword: `void'
	`void' is neither macro nor instruction nor directive
Line 14, ERROR: Unknown keyword: `void'
	`void' is neither macro nor instruction nor directive
Line 16, ERROR: Unknown keyword: `void'
	`void' is neither macro nor instruction nor directive
Line 18, ERROR: Unknown keyword: `void'
	`void' is neither macro nor instruction nor directive
Line 21, ERROR: Unknown keyword: `void'
	`void' is neither macro nor instruction nor directive
Line 23, ERROR: Unknown keyword: `{'
	`{' is neither macro nor instruction nor directive
Line 25, ERROR: Unknown keyword: `P2'
	`P2' is neither macro nor instruction nor directive
Line 27, ERROR: Unknown keyword: `lcd_init()'
	`lcd_init()' is neither macro nor instruction nor directive
Line 29, ERROR: Unknown keyword: `while(1)'
	`while(1)' is neither macro nor instruction nor directive
Line 31, ERROR: Unknown keyword: `{'
	`{' is neither macro nor instruction nor directive
Line 33, ERROR: Unknown keyword: `sdelay(500)'
	`sdelay(500)' is neither macro nor instruction nor directive
Line 35, ERROR: Unknown keyword: `lcd_cmdwrite(0x85)'
	`lcd_cmdwrite(0x85)' is neither macro nor instruction nor directive
Line 37, ERROR: Unknown keyword: `sdelay(18)'
	`sdelay(18)' is neither macro nor instruction nor directive
Line 39, ERROR: Unknown keyword: `lcd_datawrite('n')'
	`lcd_datawrite('n')' is neither macro nor instruction nor directive
Line 41, ERROR: Unknown keyword: `sdelay(500)'
	`sdelay(500)' is neither macro nor instruction nor directive
Line 43, ERROR: Unknown keyword: `lcd_cmdwrite(0xC3)'
	`lcd_cmdwrite(0xC3)' is neither macro nor instruction nor directive
Line 45, ERROR: Unknown keyword: `sdelay(18)'
	`sdelay(18)' is neither macro nor instruction nor directive
Line 47, ERROR: Unknown keyword: `lcd_datawrite('1')'
	`lcd_datawrite('1')' is neither macro nor instruction nor directive
Line 49, ERROR: Unknown keyword: `}'
	`}' is neither macro nor instruction nor directive
Line 51, ERROR: Unknown keyword: `}'
	`}' is neither macro nor instruction nor directive
Line 54, ERROR: Unknown keyword: `void'
	`void' is neither macro nor instruction nor directive
Line 56, ERROR: Unknown keyword: `{'
	`{' is neither macro nor instruction nor directive
Line 58, ERROR: Unknown keyword: `char'
	`char' is neither macro nor instruction nor directive
Line 60, ERROR: Unknown keyword: `while(delay>0)'
	`while(delay>0)' is neither macro nor instruction nor directive
Line 62, ERROR: Unknown keyword: `{'
	`{' is neither macro nor instruction nor directive
Line 64, ERROR: Unknown keyword: `for(d=0'
	`for(d=0' is neither macro nor instruction nor directive
Line 66, ERROR: Unknown keyword: `delay--'
	`delay--' is neither macro nor instruction nor directive
Line 68, ERROR: Unknown keyword: `}'
	`}' is neither macro nor instruction nor directive
Line 70, ERROR: Unknown keyword: `}'
	`}' is neither macro nor instruction nor directive
Line 72, ERROR: Unknown keyword: `void'
	`void' is neither macro nor instruction nor directive
Line 74, ERROR: Unknown keyword: `{'
	`{' is neither macro nor instruction nor directive
Line 76, ERROR: Unknown keyword: `sdelay(100)'
	`sdelay(100)' is neither macro nor instruction nor directive
Line 78, ERROR: Unknown keyword: `lcd_cmdwrite(0x38)'
	`lcd_cmdwrite(0x38)' is neither macro nor instruction nor directive
Line 80, ERROR: Unknown keyword: `lcd_cmdwrite(0x0C)'
	`lcd_cmdwrite(0x0C)' is neither macro nor instruction nor directive
Line 82, ERROR: Unknown keyword: `lcd_cmdwrite(0x01)'
	`lcd_cmdwrite(0x01)' is neither macro nor instruction nor directive
Line 84, ERROR: Unknown keyword: `lcd_cmdwrite(0x06)'
	`lcd_cmdwrite(0x06)' is neither macro nor instruction nor directive
Line 86, ERROR: Unknown keyword: `}'
	`}' is neither macro nor instruction nor directive
Line 88, ERROR: Unknown keyword: `void'
	`void' is neither macro nor instruction nor directive
Line 90, ERROR: Unknown keyword: `{'
	`{' is neither macro nor instruction nor directive
Line 92, ERROR: Unknown keyword: `lcd_data=cmd'
	`lcd_data=cmd' is neither macro nor instruction nor directive
Line 94, ERROR: Unknown keyword: `lcd_rs=0'
	`lcd_rs=0' is neither macro nor instruction nor directive
Line 96, ERROR: Unknown keyword: `lcd_rw=0'
	`lcd_rw=0' is neither macro nor instruction nor directive
Line 98, ERROR: Unknown keyword: `lcd_en=1'
	`lcd_en=1' is neither macro nor instruction nor directive
Line 100, ERROR: Unknown keyword: `sdelay(5)'
	`sdelay(5)' is neither macro nor instruction nor directive
Line 102, ERROR: Unknown keyword: `lcd_en=0'
	`lcd_en=0' is neither macro nor instruction nor directive
Line 104, ERROR: Unknown keyword: `sdelay(5)'
	`sdelay(5)' is neither macro nor instruction nor directive
Line 106, ERROR: Unknown keyword: `}'
	`}' is neither macro nor instruction nor directive
Line 108, ERROR: Unknown keyword: `void'
	`void' is neither macro nor instruction nor directive
Line 110, ERROR: Unknown keyword: `{'
	`{' is neither macro nor instruction nor directive
Line 112, ERROR: Unknown keyword: `lcd_data'
	`lcd_data' is neither macro nor instruction nor directive
Line 114, ERROR: Unknown keyword: `lcd_rs=1'
	`lcd_rs=1' is neither macro nor instruction nor directive
Line 116, ERROR: Unknown keyword: `lcd_rw=0'
	`lcd_rw=0' is neither macro nor instruction nor directive
Line 118, ERROR: Unknown keyword: `lcd_en=1'
	`lcd_en=1' is neither macro nor instruction nor directive
Line 120, ERROR: Unknown keyword: `sdelay(5)'
	`sdelay(5)' is neither macro nor instruction nor directive
Line 122, ERROR: Unknown keyword: `lcd_en=0'
	`lcd_en=0' is neither macro nor instruction nor directive
Line 124, ERROR: Unknown keyword: `sdelay(5)'
	`sdelay(5)' is neither macro nor instruction nor directive
Line 126, ERROR: Unknown keyword: `}'
	`}' is neither macro nor instruction nor directive
Line 127, WARNING: No instruction found at address 0x00. Consider usage of appropriate ORG directive to clarify correct code placement.
Line 129, WARNING: Missing `END' directive

SYMBOL TABLE:
??MCU_8051_IDE . . . . . . . . . . .  N  NUMB  8051H  NOT USED
??VERSION. . . . . . . . . . . . . .  N  NUMB  0147H  NOT USED
AC . . . . . . . . . . . . . . . . .  B  ADDR  00D6H  NOT USED
ACC. . . . . . . . . . . . . . . . .  D  ADDR  00E0H  NOT USED
ACSR . . . . . . . . . . . . . . . .  D  ADDR  0097H  NOT USED
ADCF . . . . . . . . . . . . . . . .  D  ADDR  00F6H  NOT USED
ADCLK. . . . . . . . . . . . . . . .  D  ADDR  00F2H  NOT USED
ADCON. . . . . . . . . . . . . . . .  D  ADDR  00F3H  NOT USED
ADDH . . . . . . . . . . . . . . . .  D  ADDR  00F5H  NOT USED
ADDL . . . . . . . . . . . . . . . .  D  ADDR  00F4H  NOT USED
AUXR . . . . . . . . . . . . . . . .  D  ADDR  008EH  NOT USED
AUXR1. . . . . . . . . . . . . . . .  D  ADDR  00A2H  NOT USED
B. . . . . . . . . . . . . . . . . .  D  ADDR  00F0H  NOT USED
BDRCON . . . . . . . . . . . . . . .  D  ADDR  009BH  NOT USED
BDRCON_1 . . . . . . . . . . . . . .  D  ADDR  009CH  NOT USED
BRL. . . . . . . . . . . . . . . . .  D  ADDR  009AH  NOT USED
CCAP0H . . . . . . . . . . . . . . .  D  ADDR  00FAH  NOT USED
CCAP0L . . . . . . . . . . . . . . .  D  ADDR  00EAH  NOT USED
CCAP1H . . . . . . . . . . . . . . .  D  ADDR  00FBH  NOT USED
CCAP1L . . . . . . . . . . . . . . .  D  ADDR  00EBH  NOT USED
CCAP2H . . . . . . . . . . . . . . .  D  ADDR  00FCH  NOT USED
CCAP3H . . . . . . . . . . . . . . .  D  ADDR  00FDH  NOT USED
CCAP4H . . . . . . . . . . . . . . .  D  ADDR  00FEH  NOT USED
CCAPL2H. . . . . . . . . . . . . . .  D  ADDR  00FCH  NOT USED
CCAPL2L. . . . . . . . . . . . . . .  D  ADDR  00ECH  NOT USED
CCAPL3H. . . . . . . . . . . . . . .  D  ADDR  00FDH  NOT USED
CCAPL3L. . . . . . . . . . . . . . .  D  ADDR  00EDH  NOT USED
CCAPL4H. . . . . . . . . . . . . . .  D  ADDR  00FEH  NOT USED
CCAPL4L. . . . . . . . . . . . . . .  D  ADDR  00EEH  NOT USED
CCAPM0 . . . . . . . . . . . . . . .  D  ADDR  00DAH  NOT USED
CCAPM1 . . . . . . . . . . . . . . .  D  ADDR  00DBH  NOT USED
CCAPM2 . . . . . . . . . . . . . . .  D  ADDR  00DCH  NOT USED
CCAPM3 . . . . . . . . . . . . . . .  D  ADDR  00DDH  NOT USED
CCAPM4 . . . . . . . . . . . . . . .  D  ADDR  00DEH  NOT USED
CCF0 . . . . . . . . . . . . . . . .  B  ADDR  00D8H  NOT USED
CCF1 . . . . . . . . . . . . . . . .  B  ADDR  00D9H  NOT USED
CCF2 . . . . . . . . . . . . . . . .  B  ADDR  00DAH  NOT USED
CCF3 . . . . . . . . . . . . . . . .  B  ADDR  00DBH  NOT USED
CCF4 . . . . . . . . . . . . . . . .  B  ADDR  00DCH  NOT USED
CCON . . . . . . . . . . . . . . . .  D  ADDR  00D8H  NOT USED
CFINT. . . . . . . . . . . . . . . .  C  ADDR  0033H  NOT USED
CH . . . . . . . . . . . . . . . . .  D  ADDR  00F9H  NOT USED
CKCON. . . . . . . . . . . . . . . .  D  ADDR  008FH  NOT USED
CKCON0 . . . . . . . . . . . . . . .  D  ADDR  008FH  NOT USED
CKRL . . . . . . . . . . . . . . . .  D  ADDR  0097H  NOT USED
CKSEL. . . . . . . . . . . . . . . .  D  ADDR  0085H  NOT USED
CL . . . . . . . . . . . . . . . . .  D  ADDR  00E9H  NOT USED
CLKREG . . . . . . . . . . . . . . .  D  ADDR  008FH  NOT USED
CMOD . . . . . . . . . . . . . . . .  D  ADDR  00D9H  NOT USED
CPRL2. . . . . . . . . . . . . . . .  B  ADDR  00C8H  NOT USED
CR . . . . . . . . . . . . . . . . .  B  ADDR  00DEH  NOT USED
CT2. . . . . . . . . . . . . . . . .  B  ADDR  00C9H  NOT USED
CY . . . . . . . . . . . . . . . . .  B  ADDR  00D7H  NOT USED
DP0H . . . . . . . . . . . . . . . .  D  ADDR  0083H  NOT USED
DP0L . . . . . . . . . . . . . . . .  D  ADDR  0082H  NOT USED
DP1H . . . . . . . . . . . . . . . .  D  ADDR  0085H  NOT USED
DP1L . . . . . . . . . . . . . . . .  D  ADDR  0084H  NOT USED
DPH. . . . . . . . . . . . . . . . .  D  ADDR  0083H  NOT USED
DPL. . . . . . . . . . . . . . . . .  D  ADDR  0082H  NOT USED
EA . . . . . . . . . . . . . . . . .  B  ADDR  00AFH  NOT USED
EC . . . . . . . . . . . . . . . . .  B  ADDR  00AEH  NOT USED
EECON. . . . . . . . . . . . . . . .  D  ADDR  0096H  NOT USED
ES . . . . . . . . . . . . . . . . .  B  ADDR  00ACH  NOT USED
ET0. . . . . . . . . . . . . . . . .  B  ADDR  00A9H  NOT USED
ET1. . . . . . . . . . . . . . . . .  B  ADDR  00ABH  NOT USED
ET2. . . . . . . . . . . . . . . . .  B  ADDR  00ADH  NOT USED
EX0. . . . . . . . . . . . . . . . .  B  ADDR  00A8H  NOT USED
EX1. . . . . . . . . . . . . . . . .  B  ADDR  00AAH  NOT USED
EXEN2. . . . . . . . . . . . . . . .  B  ADDR  00CBH  NOT USED
EXF2 . . . . . . . . . . . . . . . .  B  ADDR  00CEH  NOT USED
EXTI0. . . . . . . . . . . . . . . .  C  ADDR  0003H  NOT USED
EXTI1. . . . . . . . . . . . . . . .  C  ADDR  0013H  NOT USED
F0 . . . . . . . . . . . . . . . . .  B  ADDR  00D5H  NOT USED
FE . . . . . . . . . . . . . . . . .  B  ADDR  009FH  NOT USED
IE . . . . . . . . . . . . . . . . .  D  ADDR  00A8H  NOT USED
IE0. . . . . . . . . . . . . . . . .  B  ADDR  0089H  NOT USED
IE1. . . . . . . . . . . . . . . . .  B  ADDR  008BH  NOT USED
INT0 . . . . . . . . . . . . . . . .  B  ADDR  00B2H  NOT USED
INT1 . . . . . . . . . . . . . . . .  B  ADDR  00B3H  NOT USED
IP . . . . . . . . . . . . . . . . .  D  ADDR  00B8H  NOT USED
IPH. . . . . . . . . . . . . . . . .  D  ADDR  00B7H  NOT USED
IPH0 . . . . . . . . . . . . . . . .  D  ADDR  00B7H  NOT USED
IPH1 . . . . . . . . . . . . . . . .  D  ADDR  00B3H  NOT USED
IPL0 . . . . . . . . . . . . . . . .  D  ADDR  00B8H  NOT USED
IPL1 . . . . . . . . . . . . . . . .  D  ADDR  00B2H  NOT USED
IT0. . . . . . . . . . . . . . . . .  B  ADDR  0088H  NOT USED
IT1. . . . . . . . . . . . . . . . .  B  ADDR  008AH  NOT USED
KBE. . . . . . . . . . . . . . . . .  D  ADDR  009DH  NOT USED
KBF. . . . . . . . . . . . . . . . .  D  ADDR  009EH  NOT USED
KBLS . . . . . . . . . . . . . . . .  D  ADDR  009CH  NOT USED
OSCCON . . . . . . . . . . . . . . .  D  ADDR  0086H  NOT USED
OV . . . . . . . . . . . . . . . . .  B  ADDR  00D2H  NOT USED
P. . . . . . . . . . . . . . . . . .  B  ADDR  00D0H  NOT USED
P0 . . . . . . . . . . . . . . . . .  D  ADDR  0080H  NOT USED
P1 . . . . . . . . . . . . . . . . .  D  ADDR  0090H  NOT USED
P1M1 . . . . . . . . . . . . . . . .  D  ADDR  00D4H  NOT USED
P1M2 . . . . . . . . . . . . . . . .  D  ADDR  00E2H  NOT USED
P2 . . . . . . . . . . . . . . . . .  D  ADDR  00A0H  NOT USED
P3 . . . . . . . . . . . . . . . . .  D  ADDR  00B0H  NOT USED
P3M1 . . . . . . . . . . . . . . . .  D  ADDR  00D5H  NOT USED
P3M2 . . . . . . . . . . . . . . . .  D  ADDR  00E3H  NOT USED
P4 . . . . . . . . . . . . . . . . .  D  ADDR  00C0H  NOT USED
P4M1 . . . . . . . . . . . . . . . .  D  ADDR  00D6H  NOT USED
P4M2 . . . . . . . . . . . . . . . .  D  ADDR  00E4H  NOT USED
P5 . . . . . . . . . . . . . . . . .  D  ADDR  00E8H  NOT USED
PC . . . . . . . . . . . . . . . . .  B  ADDR  00BEH  NOT USED
PCON . . . . . . . . . . . . . . . .  D  ADDR  0087H  NOT USED
PPCL . . . . . . . . . . . . . . . .  B  ADDR  00BEH  NOT USED
PS . . . . . . . . . . . . . . . . .  B  ADDR  00BCH  NOT USED
PSL. . . . . . . . . . . . . . . . .  B  ADDR  00BCH  NOT USED
PSW. . . . . . . . . . . . . . . . .  D  ADDR  00D0H  NOT USED
PT0. . . . . . . . . . . . . . . . .  B  ADDR  00B9H  NOT USED
PT0L . . . . . . . . . . . . . . . .  B  ADDR  00B9H  NOT USED
PT1. . . . . . . . . . . . . . . . .  B  ADDR  00BBH  NOT USED
PT1L . . . . . . . . . . . . . . . .  B  ADDR  00BBH  NOT USED
PT2. . . . . . . . . . . . . . . . .  B  ADDR  00BDH  NOT USED
PT2L . . . . . . . . . . . . . . . .  B  ADDR  00BDH  NOT USED
PX0. . . . . . . . . . . . . . . . .  B  ADDR  00B8H  NOT USED
PX0L . . . . . . . . . . . . . . . .  B  ADDR  00B8H  NOT USED
PX1. . . . . . . . . . . . . . . . .  B  ADDR  00BAH  NOT USED
PX1L . . . . . . . . . . . . . . . .  B  ADDR  00BAH  NOT USED
RB8. . . . . . . . . . . . . . . . .  B  ADDR  009AH  NOT USED
RCAP2H . . . . . . . . . . . . . . .  D  ADDR  00CBH  NOT USED
RCAP2L . . . . . . . . . . . . . . .  D  ADDR  00CAH  NOT USED
RCLK . . . . . . . . . . . . . . . .  B  ADDR  00CDH  NOT USED
RD . . . . . . . . . . . . . . . . .  B  ADDR  00B7H  NOT USED
REN. . . . . . . . . . . . . . . . .  B  ADDR  009CH  NOT USED
RESET. . . . . . . . . . . . . . . .  C  ADDR  0000H  NOT USED
RI . . . . . . . . . . . . . . . . .  B  ADDR  0098H  NOT USED
RS0. . . . . . . . . . . . . . . . .  B  ADDR  00D3H  NOT USED
RS1. . . . . . . . . . . . . . . . .  B  ADDR  00D4H  NOT USED
RXD. . . . . . . . . . . . . . . . .  B  ADDR  00B0H  NOT USED
SADDR. . . . . . . . . . . . . . . .  D  ADDR  00A9H  NOT USED
SADDR_0. . . . . . . . . . . . . . .  D  ADDR  00A9H  NOT USED
SADDR_1. . . . . . . . . . . . . . .  D  ADDR  00AAH  NOT USED
SADEN. . . . . . . . . . . . . . . .  D  ADDR  00B9H  NOT USED
SADEN_0. . . . . . . . . . . . . . .  D  ADDR  00B9H  NOT USED
SADEN_1. . . . . . . . . . . . . . .  D  ADDR  00BAH  NOT USED
SBUF . . . . . . . . . . . . . . . .  D  ADDR  0099H  NOT USED
SCON . . . . . . . . . . . . . . . .  D  ADDR  0098H  NOT USED
SINT . . . . . . . . . . . . . . . .  C  ADDR  0023H  NOT USED
SM0. . . . . . . . . . . . . . . . .  B  ADDR  009FH  NOT USED
SM1. . . . . . . . . . . . . . . . .  B  ADDR  009EH  NOT USED
SM2. . . . . . . . . . . . . . . . .  B  ADDR  009DH  NOT USED
SP . . . . . . . . . . . . . . . . .  D  ADDR  0081H  NOT USED
SPCON. . . . . . . . . . . . . . . .  D  ADDR  00C3H  NOT USED
SPCR . . . . . . . . . . . . . . . .  D  ADDR  00D5H  NOT USED
SPDAT. . . . . . . . . . . . . . . .  D  ADDR  00C5H  NOT USED
SPDR . . . . . . . . . . . . . . . .  D  ADDR  0086H  NOT USED
SPSR . . . . . . . . . . . . . . . .  D  ADDR  00AAH  NOT USED
SPSTA. . . . . . . . . . . . . . . .  D  ADDR  00C4H  NOT USED
T0 . . . . . . . . . . . . . . . . .  B  ADDR  00B4H  NOT USED
T1 . . . . . . . . . . . . . . . . .  B  ADDR  00B5H  NOT USED
T2CON. . . . . . . . . . . . . . . .  D  ADDR  00C8H  NOT USED
T2MOD. . . . . . . . . . . . . . . .  D  ADDR  00C9H  NOT USED
TB8. . . . . . . . . . . . . . . . .  B  ADDR  009BH  NOT USED
TCLK . . . . . . . . . . . . . . . .  B  ADDR  00CCH  NOT USED
TCON . . . . . . . . . . . . . . . .  D  ADDR  0088H  NOT USED
TF0. . . . . . . . . . . . . . . . .  B  ADDR  008DH  NOT USED
TF1. . . . . . . . . . . . . . . . .  B  ADDR  008FH  NOT USED
TF2. . . . . . . . . . . . . . . . .  B  ADDR  00CFH  NOT USED
TH0. . . . . . . . . . . . . . . . .  D  ADDR  008CH  NOT USED
TH1. . . . . . . . . . . . . . . . .  D  ADDR  008DH  NOT USED
TH2. . . . . . . . . . . . . . . . .  D  ADDR  00CDH  NOT USED
TI . . . . . . . . . . . . . . . . .  B  ADDR  0099H  NOT USED
TIMER0 . . . . . . . . . . . . . . .  C  ADDR  000BH  NOT USED
TIMER1 . . . . . . . . . . . . . . .  C  ADDR  001BH  NOT USED
TIMER2 . . . . . . . . . . . . . . .  C  ADDR  002BH  NOT USED
TL0. . . . . . . . . . . . . . . . .  D  ADDR  008AH  NOT USED
TL1. . . . . . . . . . . . . . . . .  D  ADDR  008BH  NOT USED
TL2. . . . . . . . . . . . . . . . .  D  ADDR  00CCH  NOT USED
TMOD . . . . . . . . . . . . . . . .  D  ADDR  0089H  NOT USED
TR0. . . . . . . . . . . . . . . . .  B  ADDR  008CH  NOT USED
TR1. . . . . . . . . . . . . . . . .  B  ADDR  008EH  NOT USED
TR2. . . . . . . . . . . . . . . . .  B  ADDR  00CAH  NOT USED
TXD. . . . . . . . . . . . . . . . .  B  ADDR  00B1H  NOT USED
WDTCON . . . . . . . . . . . . . . .  D  ADDR  00A7H  NOT USED
WDTPRG . . . . . . . . . . . . . . .  D  ADDR  00A7H  NOT USED
WDTRST . . . . . . . . . . . . . . .  D  ADDR  00A6H  NOT USED
WR . . . . . . . . . . . . . . . . .  B  ADDR  00B6H  NOT USED