ASxxxx Linker V03.00 + NoICE + sdld,  page 1.
Hexadecimal  [32-Bits]

Area                                    Addr        Size        Decimal Bytes (Attributes)
--------------------------------        ----        ----        ------- ----- ------------
CABS                                00000000    00000000 =           0. bytes (ABS,CON,CODE)

      Value  Global                              Global Defined In Module
      -----  --------------------------------   ------------------------
C:   00000000  l_BIT_BANK                      
C:   00000000  l_CABS                          
C:   00000000  l_GSINIT1                       
C:   00000000  l_GSINIT5                       
C:   00000000  l_IABS                          
C:   00000000  l_ISEG                          
C:   00000000  l_PSEG                          
C:   00000000  l_REG_BANK_1                    
C:   00000000  l_REG_BANK_2                    
C:   00000000  l_REG_BANK_3                    
C:   00000000  l_RSEG                          
C:   00000000  l_RSEG0                         
C:   00000000  l_RSEG1                         
C:   00000000  l_XABS                          
C:   00000000  l_XINIT                         
C:   00000000  l_XISEG                         
C:   00000000  l_XSEG                          
C:   00000000  l__CODE                         
C:   00000000  s_BSEG                          
C:   00000000  s_CABS                          
C:   00000000  s_DSEG                          
C:   00000000  s_HOME                          
C:   00000000  s_IABS                          
C:   00000000  s_ISEG                          
C:   00000000  s_REG_BANK_0                    
C:   00000000  s_RSEG                          
C:   00000000  s_RSEG0                         
C:   00000000  s_RSEG1                         
C:   00000000  s_XABS                          
C:   00000001  l_BSEG_BYTES                    
C:   00000001  s_PSEG                          
C:   00000001  s_XISEG                         
C:   00000001  s_XSEG                          
C:   00000002  l_BSEG                          
C:   00000002  l_OSEG                          
C:   00000003  l_GSFINAL                       
C:   00000003  l_GSINIT0                       
C:   00000008  l_REG_BANK_0                    
C:   00000008  s_REG_BANK_1                    
C:   0000000A  l_GSINIT2                       
C:   0000000F  l_GSINIT                        
C:   00000010  l_CONST                         
C:   00000010  s_REG_BANK_2                    
C:   00000015  s_OSEG                          
C:   00000018  s_BIT_BANK                      
C:   00000018  s_REG_BANK_3                    
C:   00000020  s_BSEG_BYTES                    
C:   00000020  s__CODE                         
C:   00000021  s_SSEG                          
C:   00000022  l_GSINIT3                       
ASxxxx Linker V03.00 + NoICE + sdld,  page 2.
Hexadecimal  [32-Bits]

Area                                    Addr        Size        Decimal Bytes (Attributes)
--------------------------------        ----        ----        ------- ----- ------------
CABS                                00000000    00000000 =           0. bytes (ABS,CON,CODE)

      Value  Global                              Global Defined In Module
      -----  --------------------------------   ------------------------
C:   0000002A  l_GSINIT4                       
C:   00000051  l_HOME                          
C:   00000051  s_GSINIT0                       
C:   00000054  s_GSINIT1                       
C:   00000054  s_GSINIT2                       
C:   0000005E  s_GSINIT3                       
C:   0000005F  l_SSEG                          
C:   00000077  l_DSEG                          
C:   00000080  l_IRAM                          
C:   00000080  s_GSINIT4                       
C:   000000AA  s_GSINIT                        
C:   000000AA  s_GSINIT5                       
C:   000000B9  s_GSFINAL                       
C:   000000BC  s_CSEG                          
C:   000006E2  l_CSEG                          
C:   0000079E  s_CONST                         
C:   000007AE  s_XINIT                         

ASxxxx Linker V03.00 + NoICE + sdld,  page 3.
Hexadecimal  [32-Bits]

Area                                    Addr        Size        Decimal Bytes (Attributes)
--------------------------------        ----        ----        ------- ----- ------------
.  .ABS.                            00000000    00000000 =           0. bytes (ABS,CON)

      Value  Global                              Global Defined In Module
      -----  --------------------------------   ------------------------
     00000000  .__.ABS.                           _fsrshift
     00000080  G$P0$0$0                           temp
     00000080  G$P0_0$0$0                         temp
     00000080  _P0                                temp
     00000080  _P0_0                              temp
     00000081  G$P0_1$0$0                         temp
     00000081  G$SP$0$0                           temp
     00000081  _P0_1                              temp
     00000081  _SP                                temp
     00000082  G$DPL$0$0                          temp
     00000082  G$P0_2$0$0                         temp
     00000082  _DPL                               temp
     00000082  _P0_2                              temp
     00000083  G$DPH$0$0                          temp
     00000083  G$P0_3$0$0                         temp
     00000083  _DPH                               temp
     00000083  _P0_3                              temp
     00000084  G$P0_4$0$0                         temp
     00000084  _P0_4                              temp
     00000085  G$P0_5$0$0                         temp
     00000085  _P0_5                              temp
     00000086  G$P0_6$0$0                         temp
     00000086  _P0_6                              temp
     00000087  G$P0_7$0$0                         temp
     00000087  G$PCON$0$0                         temp
     00000087  _P0_7                              temp
     00000087  _PCON                              temp
     00000088  G$IT0$0$0                          temp
     00000088  G$TCON$0$0                         temp
     00000088  _IT0                               temp
     00000088  _TCON                              temp
     00000089  G$IE0$0$0                          temp
     00000089  G$TMOD$0$0                         temp
     00000089  _IE0                               temp
     00000089  _TMOD                              temp
     0000008A  G$IT1$0$0                          temp
     0000008A  G$TL0$0$0                          temp
     0000008A  _IT1                               temp
     0000008A  _TL0                               temp
     0000008B  G$IE1$0$0                          temp
     0000008B  G$TL1$0$0                          temp
     0000008B  _IE1                               temp
     0000008B  _TL1                               temp
     0000008C  G$TH0$0$0                          temp
     0000008C  G$TR0$0$0                          temp
     0000008C  _TH0                               temp
     0000008C  _TR0                               temp
     0000008D  G$TF0$0$0                          temp
     0000008D  G$TH1$0$0                          temp
     0000008D  _TF0                               temp
ASxxxx Linker V03.00 + NoICE + sdld,  page 4.
Hexadecimal  [32-Bits]

Area                                    Addr        Size        Decimal Bytes (Attributes)
--------------------------------        ----        ----        ------- ----- ------------
.  .ABS.                            00000000    00000000 =           0. bytes (ABS,CON)

      Value  Global                              Global Defined In Module
      -----  --------------------------------   ------------------------
     0000008D  _TH1                               temp
     0000008E  G$AUXR$0$0                         temp
     0000008E  G$TR1$0$0                          temp
     0000008E  _AUXR                              temp
     0000008E  _TR1                               temp
     0000008F  G$CKCON0$0$0                       temp
     0000008F  G$TF1$0$0                          temp
     0000008F  _CKCON0                            temp
     0000008F  _TF1                               temp
     00000090  G$P1$0$0                           temp
     00000090  G$P1_0$0$0                         temp
     00000090  _P1                                temp
     00000090  _P1_0                              temp
     00000091  G$P1_1$0$0                         temp
     00000091  _P1_1                              temp
     00000092  G$P1_2$0$0                         temp
     00000092  _P1_2                              temp
     00000093  G$P1_3$0$0                         temp
     00000093  G$SSCON$0$0                        temp
     00000093  _P1_3                              temp
     00000093  _SSCON                             temp
     00000094  G$P1_4$0$0                         temp
     00000094  G$SSCS$0$0                         temp
     00000094  _P1_4                              temp
     00000094  _SSCS                              temp
     00000095  G$P1_5$0$0                         temp
     00000095  G$SSDAT$0$0                        temp
     00000095  _P1_5                              temp
     00000095  _SSDAT                             temp
     00000096  G$P1_6$0$0                         temp
     00000096  G$SSADR$0$0                        temp
     00000096  _P1_6                              temp
     00000096  _SSADR                             temp
     00000097  G$P1_7$0$0                         temp
     00000097  _P1_7                              temp
     00000098  G$RI$0$0                           temp
     00000098  G$SCON$0$0                         temp
     00000098  _RI                                temp
     00000098  _SCON                              temp
     00000099  G$SBUF$0$0                         temp
     00000099  G$TI$0$0                           temp
     00000099  _SBUF                              temp
     00000099  _TI                                temp
     0000009A  G$BRL$0$0                          temp
     0000009A  G$RB8$0$0                          temp
     0000009A  _BRL                               temp
     0000009A  _RB8                               temp
     0000009B  G$BDRCON$0$0                       temp
     0000009B  G$TB8$0$0                          temp
     0000009B  _BDRCON                            temp
     0000009B  _TB8                               temp
ASxxxx Linker V03.00 + NoICE + sdld,  page 5.
Hexadecimal  [32-Bits]

Area                                    Addr        Size        Decimal Bytes (Attributes)
--------------------------------        ----        ----        ------- ----- ------------
.  .ABS.                            00000000    00000000 =           0. bytes (ABS,CON)

      Value  Global                              Global Defined In Module
      -----  --------------------------------   ------------------------
     0000009C  G$KBLS$0$0                         temp
     0000009C  G$REN$0$0                          temp
     0000009C  _KBLS                              temp
     0000009C  _REN                               temp
     0000009D  G$KBE$0$0                          temp
     0000009D  G$SM2$0$0                          temp
     0000009D  _KBE                               temp
     0000009D  _SM2                               temp
     0000009E  G$KBF$0$0                          temp
     0000009E  G$SM1$0$0                          temp
     0000009E  _KBF                               temp
     0000009E  _SM1                               temp
     0000009F  G$FE$0$0                           temp
     0000009F  G$SM0$0$0                          temp
     0000009F  _FE                                temp
     0000009F  _SM0                               temp
     000000A0  G$P2$0$0                           temp
     000000A0  G$P2_0$0$0                         temp
     000000A0  _P2                                temp
     000000A0  _P2_0                              temp
     000000A0  __XPAGE                            
     000000A1  G$P2_1$0$0                         temp
     000000A1  _P2_1                              temp
     000000A2  G$AUXR1$0$0                        temp
     000000A2  G$P2_2$0$0                         temp
     000000A2  _AUXR1                             temp
     000000A2  _P2_2                              temp
     000000A3  G$P2_3$0$0                         temp
     000000A3  G$PLLCON$0$0                       temp
     000000A3  _P2_3                              temp
     000000A3  _PLLCON                            temp
     000000A4  G$P2_4$0$0                         temp
     000000A4  G$PLLDIV$0$0                       temp
     000000A4  _P2_4                              temp
     000000A4  _PLLDIV                            temp
     000000A5  G$P2_5$0$0                         temp
     000000A5  _P2_5                              temp
     000000A6  G$P2_6$0$0                         temp
     000000A6  G$WDTRST$0$0                       temp
     000000A6  _P2_6                              temp
     000000A6  _WDTRST                            temp
     000000A7  G$P2_7$0$0                         temp
     000000A7  G$WDTPRG$0$0                       temp
     000000A7  _P2_7                              temp
     000000A7  _WDTPRG                            temp
     000000A8  G$EX0$0$0                          temp
     000000A8  G$IE$0$0                           temp
     000000A8  G$IEN0$0$0                         temp
     000000A8  _EX0                               temp
     000000A8  _IE                                temp
     000000A8  _IEN0                              temp
ASxxxx Linker V03.00 + NoICE + sdld,  page 6.
Hexadecimal  [32-Bits]

Area                                    Addr        Size        Decimal Bytes (Attributes)
--------------------------------        ----        ----        ------- ----- ------------
.  .ABS.                            00000000    00000000 =           0. bytes (ABS,CON)

      Value  Global                              Global Defined In Module
      -----  --------------------------------   ------------------------
     000000A9  G$ET0$0$0                          temp
     000000A9  G$SADDR$0$0                        temp
     000000A9  _ET0                               temp
     000000A9  _SADDR                             temp
     000000AA  G$EX1$0$0                          temp
     000000AA  _EX1                               temp
     000000AB  G$ET1$0$0                          temp
     000000AB  _ET1                               temp
     000000AC  G$ES$0$0                           temp
     000000AC  _ES                                temp
     000000AD  G$ET2$0$0                          temp
     000000AD  _ET2                               temp
     000000AE  G$EC$0$0                           temp
     000000AE  _EC                                temp
     000000AF  G$CKCON1$0$0                       temp
     000000AF  G$EA$0$0                           temp
     000000AF  _CKCON1                            temp
     000000AF  _EA                                temp
     000000B0  G$P3$0$0                           temp
     000000B0  G$P3_0$0$0                         temp
     000000B0  _P3                                temp
     000000B0  _P3_0                              temp
     000000B1  G$IEN1$0$0                         temp
     000000B1  G$P3_1$0$0                         temp
     000000B1  _IEN1                              temp
     000000B1  _P3_1                              temp
     000000B2  G$IPL1$0$0                         temp
     000000B2  G$P3_2$0$0                         temp
     000000B2  _IPL1                              temp
     000000B2  _P3_2                              temp
     000000B3  G$IPH1$0$0                         temp
     000000B3  G$P3_3$0$0                         temp
     000000B3  _IPH1                              temp
     000000B3  _P3_3                              temp
     000000B4  G$P3_4$0$0                         temp
     000000B4  _P3_4                              temp
     000000B5  G$P3_5$0$0                         temp
     000000B5  _P3_5                              temp
     000000B6  G$P3_6$0$0                         temp
     000000B6  _P3_6                              temp
     000000B7  G$IPH0$0$0                         temp
     000000B7  G$P3_7$0$0                         temp
     000000B7  _IPH0                              temp
     000000B7  _P3_7                              temp
     000000B8  G$IPL0$0$0                         temp
     000000B8  G$PX0L$0$0                         temp
     000000B8  _IPL0                              temp
     000000B8  _PX0L                              temp
     000000B9  G$PT0L$0$0                         temp
     000000B9  G$SADEN$0$0                        temp
     000000B9  _PT0L                              temp
ASxxxx Linker V03.00 + NoICE + sdld,  page 7.
Hexadecimal  [32-Bits]

Area                                    Addr        Size        Decimal Bytes (Attributes)
--------------------------------        ----        ----        ------- ----- ------------
.  .ABS.                            00000000    00000000 =           0. bytes (ABS,CON)

      Value  Global                              Global Defined In Module
      -----  --------------------------------   ------------------------
     000000B9  _SADEN                             temp
     000000BA  G$PX1L$0$0                         temp
     000000BA  G$UFNUML$0$0                       temp
     000000BA  _PX1L                              temp
     000000BA  _UFNUML                            temp
     000000BB  G$PT1L$0$0                         temp
     000000BB  G$UFNUMH$0$0                       temp
     000000BB  _PT1L                              temp
     000000BB  _UFNUMH                            temp
     000000BC  G$PSL$0$0                          temp
     000000BC  G$USBCON$0$0                       temp
     000000BC  _PSL                               temp
     000000BC  _USBCON                            temp
     000000BD  G$PT2L$0$0                         temp
     000000BD  G$USBINT$0$0                       temp
     000000BD  _PT2L                              temp
     000000BD  _USBINT                            temp
     000000BE  G$PPCL$0$0                         temp
     000000BE  G$USBIEN$0$0                       temp
     000000BE  _PPCL                              temp
     000000BE  _USBIEN                            temp
     000000C0  G$P4$0$0                           temp
     000000C0  G$P4_0$0$0                         temp
     000000C0  _P4                                temp
     000000C0  _P4_0                              temp
     000000C1  G$P4_1$0$0                         temp
     000000C1  _P4_1                              temp
     000000C2  G$UEPIEN$0$0                       temp
     000000C2  _UEPIEN                            temp
     000000C3  G$SPCON$0$0                        temp
     000000C3  _SPCON                             temp
     000000C4  G$SPSTA$0$0                        temp
     000000C4  _SPSTA                             temp
     000000C5  G$SPDAT$0$0                        temp
     000000C5  _SPDAT                             temp
     000000C6  G$USBADDR$0$0                      temp
     000000C6  _USBADDR                           temp
     000000C7  G$UEPNUM$0$0                       temp
     000000C7  _UEPNUM                            temp
     000000C8  G$CP_RL2$0$0                       temp
     000000C8  G$T2CON$0$0                        temp
     000000C8  _CP_RL2                            temp
     000000C8  _T2CON                             temp
     000000C9  G$C_T2$0$0                         temp
     000000C9  G$T2MOD$0$0                        temp
     000000C9  _C_T2                              temp
     000000C9  _T2MOD                             temp
     000000CA  G$RCAP2L$0$0                       temp
     000000CA  G$TR2$0$0                          temp
     000000CA  _RCAP2L                            temp
     000000CA  _TR2                               temp
ASxxxx Linker V03.00 + NoICE + sdld,  page 8.
Hexadecimal  [32-Bits]

Area                                    Addr        Size        Decimal Bytes (Attributes)
--------------------------------        ----        ----        ------- ----- ------------
.  .ABS.                            00000000    00000000 =           0. bytes (ABS,CON)

      Value  Global                              Global Defined In Module
      -----  --------------------------------   ------------------------
     000000CB  G$EXEN2$0$0                        temp
     000000CB  G$RCAP2H$0$0                       temp
     000000CB  _EXEN2                             temp
     000000CB  _RCAP2H                            temp
     000000CC  G$TCLK$0$0                         temp
     000000CC  G$TL2$0$0                          temp
     000000CC  _TCLK                              temp
     000000CC  _TL2                               temp
     000000CD  G$RCLK$0$0                         temp
     000000CD  G$TH2$0$0                          temp
     000000CD  _RCLK                              temp
     000000CD  _TH2                               temp
     000000CE  G$EXF2$0$0                         temp
     000000CE  G$UEPSTAX$0$0                      temp
     000000CE  _EXF2                              temp
     000000CE  _UEPSTAX                           temp
     000000CF  G$TF2$0$0                          temp
     000000CF  G$UEPDATX$0$0                      temp
     000000CF  _TF2                               temp
     000000CF  _UEPDATX                           temp
     000000D0  G$P$0$0                            temp
     000000D0  G$PSW$0$0                          temp
     000000D0  _P                                 temp
     000000D0  _PSW                               temp
     000000D1  G$F1$0$0                           temp
     000000D1  G$FCON$0$0                         temp
     000000D1  _F1                                temp
     000000D1  _FCON                              temp
     000000D2  G$EECON$0$0                        temp
     000000D2  G$OV$0$0                           temp
     000000D2  _EECON                             temp
     000000D2  _OV                                temp
     000000D3  G$RS0$0$0                          temp
     000000D3  _RS0                               temp
     000000D4  G$RS1$0$0                          temp
     000000D4  G$UEPCONX$0$0                      temp
     000000D4  _RS1                               temp
     000000D4  _UEPCONX                           temp
     000000D5  G$F0$0$0                           temp
     000000D5  G$UEPRST$0$0                       temp
     000000D5  _F0                                temp
     000000D5  _UEPRST                            temp
     000000D6  G$AC$0$0                           temp
     000000D6  _AC                                temp
     000000D7  G$CY$0$0                           temp
     000000D7  _CY                                temp
     000000D8  G$CCF0$0$0                         temp
     000000D8  G$CCON$0$0                         temp
     000000D8  _CCF0                              temp
     000000D8  _CCON                              temp
     000000D9  G$CCF1$0$0                         temp
ASxxxx Linker V03.00 + NoICE + sdld,  page 9.
Hexadecimal  [32-Bits]

Area                                    Addr        Size        Decimal Bytes (Attributes)
--------------------------------        ----        ----        ------- ----- ------------
.  .ABS.                            00000000    00000000 =           0. bytes (ABS,CON)

      Value  Global                              Global Defined In Module
      -----  --------------------------------   ------------------------
     000000D9  G$CMOD$0$0                         temp
     000000D9  _CCF1                              temp
     000000D9  _CMOD                              temp
     000000DA  G$CCAPM0$0$0                       temp
     000000DA  G$CCF2$0$0                         temp
     000000DA  _CCAPM0                            temp
     000000DA  _CCF2                              temp
     000000DB  G$CCAPM1$0$0                       temp
     000000DB  G$CCF3$0$0                         temp
     000000DB  _CCAPM1                            temp
     000000DB  _CCF3                              temp
     000000DC  G$CCAPM2$0$0                       temp
     000000DC  G$CCF4$0$0                         temp
     000000DC  _CCAPM2                            temp
     000000DC  _CCF4                              temp
     000000DD  G$CCAPM3$0$0                       temp
     000000DD  _CCAPM3                            temp
     000000DE  G$CCAPM4$0$0                       temp
     000000DE  G$CR$0$0                           temp
     000000DE  _CCAPM4                            temp
     000000DE  _CR                                temp
     000000DF  G$CF$0$0                           temp
     000000DF  _CF                                temp
     000000E0  G$ACC$0$0                          temp
     000000E0  _ACC                               temp
     000000E2  G$UBYCTLX$0$0                      temp
     000000E2  _UBYCTLX                           temp
     000000E3  G$UBYCTHX$0$0                      temp
     000000E3  _UBYCTHX                           temp
     000000E9  G$CL$0$0                           temp
     000000E9  _CL                                temp
     000000EA  G$CCAP0L$0$0                       temp
     000000EA  _CCAP0L                            temp
     000000EB  G$CCAP1L$0$0                       temp
     000000EB  _CCAP1L                            temp
     000000EC  G$CCAP2L$0$0                       temp
     000000EC  _CCAP2L                            temp
     000000ED  G$CCAP3L$0$0                       temp
     000000ED  _CCAP3L                            temp
     000000EE  G$CCAP4L$0$0                       temp
     000000EE  _CCAP4L                            temp
     000000F0  G$B$0$0                            temp
     000000F0  _B                                 temp
     000000F1  G$LEDCON$0$0                       temp
     000000F1  _LEDCON                            temp
     000000F5  _B_5                               _gptrget
     000000F6  _B_6                               _gptrget
     000000F7  _B_7                               _gptrget
     000000F8  G$EP0INT$0$0                       temp
     000000F8  G$UEPINT$0$0                       temp
     000000F8  _EP0INT                            temp
ASxxxx Linker V03.00 + NoICE + sdld,  page 10.
Hexadecimal  [32-Bits]

Area                                    Addr        Size        Decimal Bytes (Attributes)
--------------------------------        ----        ----        ------- ----- ------------
.  .ABS.                            00000000    00000000 =           0. bytes (ABS,CON)

      Value  Global                              Global Defined In Module
      -----  --------------------------------   ------------------------
     000000F8  _UEPINT                            temp
     000000F9  G$CH$0$0                           temp
     000000F9  G$EP1INT$0$0                       temp
     000000F9  _CH                                temp
     000000F9  _EP1INT                            temp
     000000FA  G$CCAP0H$0$0                       temp
     000000FA  G$EP2INT$0$0                       temp
     000000FA  _CCAP0H                            temp
     000000FA  _EP2INT                            temp
     000000FB  G$CCAP1H$0$0                       temp
     000000FB  G$EP3INT$0$0                       temp
     000000FB  _CCAP1H                            temp
     000000FB  _EP3INT                            temp
     000000FC  G$CCAP2H$0$0                       temp
     000000FC  G$EP4INT$0$0                       temp
     000000FC  _CCAP2H                            temp
     000000FC  _EP4INT                            temp
     000000FD  G$CCAP3H$0$0                       temp
     000000FD  G$EP5INT$0$0                       temp
     000000FD  _CCAP3H                            temp
     000000FD  _EP5INT                            temp
     000000FE  G$CCAP4H$0$0                       temp
     000000FE  G$EP6INT$0$0                       temp
     000000FE  _CCAP4H                            temp
     000000FE  _EP6INT                            temp
     00008C8A  G$TMR0$0$0                         temp
     00008C8A  _TMR0                              temp
     00008D8B  G$TMR1$0$0                         temp
     00008D8B  _TMR1                              temp
     0000BBBA  G$UFNUM$0$0                        temp
     0000BBBA  _UFNUM                             temp
     0000CBCA  G$RCAP2$0$0                        temp
     0000CBCA  _RCAP2                             temp
     0000CDCC  G$TMR2$0$0                         temp
     0000CDCC  _TMR2                              temp
     0000E3E2  G$UBYCTX$0$0                       temp
     0000E3E2  _UBYCTX                            temp
     0000F9E9  G$PCA$0$0                          temp
     0000F9E9  _PCA                               temp
     0000FAEA  G$CCAP0$0$0                        temp
     0000FAEA  _CCAP0                             temp
     0000FBEB  G$CCAP1$0$0                        temp
     0000FBEB  _CCAP1                             temp
     0000FCEC  G$CCAP2$0$0                        temp
     0000FCEC  _CCAP2                             temp
     0000FDED  G$CCAP3$0$0                        temp
     0000FDED  _CCAP3                             temp
     0000FEEE  G$CCAP4$0$0                        temp
     0000FEEE  _CCAP4                             temp
ASxxxx Linker V03.00 + NoICE + sdld,  page 11.
Hexadecimal  [32-Bits]

Area                                    Addr        Size        Decimal Bytes (Attributes)
--------------------------------        ----        ----        ------- ----- ------------
BSEG_BYTES                          00000020    00000001 =           1. bytes (REL,CON)

      Value  Global                              Global Defined In Module
      -----  --------------------------------   ------------------------
ASxxxx Linker V03.00 + NoICE + sdld,  page 12.
Hexadecimal  [32-Bits]

Area                                    Addr        Size        Decimal Bytes (Attributes)
--------------------------------        ----        ----        ------- ----- ------------
REG_BANK_0                          00000000    00000008 =           8. bytes (REL,OVR)

      Value  Global                              Global Defined In Module
      -----  --------------------------------   ------------------------
ASxxxx Linker V03.00 + NoICE + sdld,  page 13.
Hexadecimal  [32-Bits]

Area                                    Addr        Size        Decimal Bytes (Attributes)
--------------------------------        ----        ----        ------- ----- ------------
DSEG                                00000000    00000077 =         119. bytes (REL,CON)

      Value  Global                              Global Defined In Module
      -----  --------------------------------   ------------------------
     00000008  G$adcVal$0$0                       temp
     00000008  _adcVal                            temp
     0000000A  G$avgVal$0$0                       temp
     0000000A  _avgVal                            temp
     0000000C  G$serial_data$0$0                  temp
     0000000C  _serial_data                       temp
     0000000D  G$data_save_high$0$0               temp
     0000000D  _data_save_high                    temp
     0000000E  G$data_save_low$0$0                temp
     0000000E  _data_save_low                     temp
     0000000F  G$i$0$0                            temp
     0000000F  _i                                 temp
     00000010  G$voltage$0$0                      temp
     00000010  _voltage                           temp
     00000014  Ltemp.LCD_StringWrite$length$1$3   temp
     00000014  _LCD_StringWrite_PARM_2            temp

ASxxxx Linker V03.00 + NoICE + sdld,  page 14.
Hexadecimal  [32-Bits]

Area                                    Addr        Size        Decimal Bytes (Attributes)
--------------------------------        ----        ----        ------- ----- ------------
OSEG                                00000015    00000002 =           2. bytes (REL,OVR)

      Value  Global                              Global Defined In Module
      -----  --------------------------------   ------------------------
     00000015  __divsint_PARM_2                   _divuint
     00000015  __divuint_PARM_2                   _divuint
     00000015  __modsint_PARM_2                   _moduint
     00000015  __moduint_PARM_2                   _moduint

ASxxxx Linker V03.00 + NoICE + sdld,  page 15.
Hexadecimal  [32-Bits]

Area                                    Addr        Size        Decimal Bytes (Attributes)
--------------------------------        ----        ----        ------- ----- ------------
SSEG                                00000021    0000005F =          95. bytes (REL,OVR)

      Value  Global                              Global Defined In Module
      -----  --------------------------------   ------------------------
     00000021  __start__stack                     temp

ASxxxx Linker V03.00 + NoICE + sdld,  page 16.
Hexadecimal  [32-Bits]

Area                                    Addr        Size        Decimal Bytes (Attributes)
--------------------------------        ----        ----        ------- ----- ------------
HOME                                00000000    00000051 =          81. bytes (REL,CON,CODE)

      Value  Global                              Global Defined In Module
      -----  --------------------------------   ------------------------
C:   00000000  A$temp$736                         temp
C:   00000003  A$temp$737                         temp
C:   0000000B  A$temp$739                         temp
C:   00000013  A$temp$741                         temp
C:   0000001B  A$temp$743                         temp
C:   00000023  A$temp$745                         temp
C:   0000002B  A$temp$747                         temp
C:   00000033  A$temp$749                         temp
C:   0000003B  A$temp$751                         temp
C:   00000043  A$temp$753                         temp
C:   0000004B  A$temp$755                         temp
C:   0000004E  A$temp$796                         temp
C:   0000004E  __sdcc_program_startup             temp

ASxxxx Linker V03.00 + NoICE + sdld,  page 17.
Hexadecimal  [32-Bits]

Area                                    Addr        Size        Decimal Bytes (Attributes)
--------------------------------        ----        ----        ------- ----- ------------
GSINIT0                             00000051    00000003 =           3. bytes (REL,CON,CODE)

      Value  Global                              Global Defined In Module
      -----  --------------------------------   ------------------------
C:   00000051  __sdcc_gsinit_startup              

ASxxxx Linker V03.00 + NoICE + sdld,  page 18.
Hexadecimal  [32-Bits]

Area                                    Addr        Size        Decimal Bytes (Attributes)
--------------------------------        ----        ----        ------- ----- ------------
GSINIT2                             00000054    0000000A =          10. bytes (REL,CON,CODE)

      Value  Global                              Global Defined In Module
      -----  --------------------------------   ------------------------
ASxxxx Linker V03.00 + NoICE + sdld,  page 19.
Hexadecimal  [32-Bits]

Area                                    Addr        Size        Decimal Bytes (Attributes)
--------------------------------        ----        ----        ------- ----- ------------
GSINIT3                             0000005E    00000022 =          34. bytes (REL,CON,CODE)

      Value  Global                              Global Defined In Module
      -----  --------------------------------   ------------------------
C:   0000005E  __mcs51_genXINIT                   

ASxxxx Linker V03.00 + NoICE + sdld,  page 20.
Hexadecimal  [32-Bits]

Area                                    Addr        Size        Decimal Bytes (Attributes)
--------------------------------        ----        ----        ------- ----- ------------
GSINIT4                             00000080    0000002A =          42. bytes (REL,CON,CODE)

      Value  Global                              Global Defined In Module
      -----  --------------------------------   ------------------------
C:   00000080  __mcs51_genRAMCLEAR                
C:   00000086  __mcs51_genXRAMCLEAR               

ASxxxx Linker V03.00 + NoICE + sdld,  page 21.
Hexadecimal  [32-Bits]

Area                                    Addr        Size        Decimal Bytes (Attributes)
--------------------------------        ----        ----        ------- ----- ------------
GSINIT                              000000AA    0000000F =          15. bytes (REL,CON,CODE)

      Value  Global                              Global Defined In Module
      -----  --------------------------------   ------------------------
C:   000000AA  A$temp$771                         temp
C:   000000AB  A$temp$772                         temp
C:   000000AD  A$temp$773                         temp
C:   000000AF  A$temp$776                         temp
C:   000000AF  C$temp.c$24$1$42                   temp
C:   000000B1  A$temp$777                         temp
C:   000000B3  A$temp$781                         temp
C:   000000B3  C$temp.c$28$1$42                   temp
C:   000000B5  A$temp$784                         temp
C:   000000B5  C$temp.c$21$1$42                   temp
C:   000000B7  A$temp$787                         temp
C:   000000B7  C$temp.c$22$1$42                   temp
ASxxxx Linker V03.00 + NoICE + sdld,  page 22.
Hexadecimal  [32-Bits]

Area                                    Addr        Size        Decimal Bytes (Attributes)
--------------------------------        ----        ----        ------- ----- ------------
GSFINAL                             000000B9    00000003 =           3. bytes (REL,CON,CODE)

      Value  Global                              Global Defined In Module
      -----  --------------------------------   ------------------------
C:   000000B9  A$temp$789                         temp

ASxxxx Linker V03.00 + NoICE + sdld,  page 23.
Hexadecimal  [32-Bits]

Area                                    Addr        Size        Decimal Bytes (Attributes)
--------------------------------        ----        ----        ------- ----- ------------
CSEG                                000000BC    000006E2 =        1762. bytes (REL,CON,CODE)

      Value  Global                              Global Defined In Module
      -----  --------------------------------   ------------------------
C:   000000BC  A$temp$822                         temp
C:   000000BC  C$temp.c$38$0$0                    temp
C:   000000BC  C$temp.c$40$1$20                   temp
C:   000000BC  G$main$0$0                         temp
C:   000000BC  _main                              temp
C:   000000BF  A$temp$825                         temp
C:   000000BF  C$temp.c$41$1$20                   temp
C:   000000C2  A$temp$828                         temp
C:   000000C2  C$temp.c$42$1$20                   temp
C:   000000C5  A$temp$831                         temp
C:   000000C5  C$temp.c$44$1$20                   temp
C:   000000C8  A$temp$834                         temp
C:   000000C8  C$temp.c$45$1$20                   temp
C:   000000CB  A$temp$837                         temp
C:   000000CB  C$temp.c$46$1$20                   temp
C:   000000CE  A$temp$840                         temp
C:   000000CE  C$temp.c$47$1$20                   temp
C:   000000D1  A$temp$841                         temp
C:   000000D4  A$temp$842                         temp
C:   000000D7  A$temp$843                         temp
C:   000000DA  A$temp$847                         temp
C:   000000DA  C$temp.c$51$2$21                   temp
C:   000000DD  A$temp$850                         temp
C:   000000E0  A$temp$851                         temp
C:   000000E2  A$temp$855                         temp
C:   000000E2  C$temp.c$57$4$23                   temp
C:   000000E4  A$temp$858                         temp
C:   000000E4  C$temp.c$58$4$23                   temp
C:   000000E7  A$temp$864                         temp
C:   000000E7  C$temp.c$59$4$23                   temp
C:   000000E7  C$temp.c$60$4$23                   temp
C:   000000EA  A$temp$865                         temp
C:   000000EC  A$temp$869                         temp
C:   000000EC  C$temp.c$61$4$23                   temp
C:   000000EF  A$temp$873                         temp
C:   000000EF  C$temp.c$62$4$23                   temp
C:   000000F2  A$temp$876                         temp
C:   000000F2  C$temp.c$63$4$23                   temp
C:   000000F4  A$temp$877                         temp
C:   000000F6  A$temp$878                         temp
C:   000000F8  A$temp$881                         temp
C:   000000F8  C$temp.c$64$4$23                   temp
C:   000000FA  A$temp$884                         temp
C:   000000FA  C$temp.c$66$4$23                   temp
C:   000000FD  A$temp$888                         temp
C:   000000FD  C$temp.c$67$4$23                   temp
C:   00000100  A$temp$891                         temp
C:   00000100  C$temp.c$68$4$23                   temp
C:   00000103  A$temp$894                         temp
C:   00000103  C$temp.c$69$4$23                   temp
ASxxxx Linker V03.00 + NoICE + sdld,  page 24.
Hexadecimal  [32-Bits]

Area                                    Addr        Size        Decimal Bytes (Attributes)
--------------------------------        ----        ----        ------- ----- ------------
CSEG                                000000BC    000006E2 =        1762. bytes (REL,CON,CODE)

      Value  Global                              Global Defined In Module
      -----  --------------------------------   ------------------------
C:   00000105  A$temp$897                         temp
C:   00000105  C$temp.c$70$4$23                   temp
C:   00000107  A$temp$900                         temp
C:   00000107  C$temp.c$72$4$23                   temp
C:   00000109  A$temp$901                         temp
C:   0000010B  A$temp$902                         temp
C:   0000010D  A$temp$903                         temp
C:   0000010F  A$temp$904                         temp
C:   00000110  A$temp$905                         temp
C:   00000111  A$temp$906                         temp
C:   00000113  A$temp$907                         temp
C:   00000114  A$temp$908                         temp
C:   00000115  A$temp$909                         temp
C:   00000117  A$temp$912                         temp
C:   00000117  C$temp.c$73$4$23                   temp
C:   00000119  A$temp$913                         temp
C:   0000011B  A$temp$914                         temp
C:   0000011D  A$temp$915                         temp
C:   0000011F  A$temp$916                         temp
C:   00000121  A$temp$917                         temp
C:   00000123  A$temp$920                         temp
C:   00000123  C$temp.c$55$3$22                   temp
C:   00000125  A$temp$921                         temp
C:   00000127  A$temp$922                         temp
C:   00000129  A$temp$923                         temp
C:   0000012B  A$temp$926                         temp
C:   0000012B  C$temp.c$76$1$20                   temp
C:   0000012E  A$temp$927                         temp
C:   00000131  A$temp$928                         temp
C:   00000134  A$temp$929                         temp
C:   00000136  A$temp$930                         temp
C:   00000138  A$temp$931                         temp
C:   0000013A  A$temp$932                         temp
C:   0000013B  A$temp$933                         temp
C:   0000013C  A$temp$934                         temp
C:   0000013E  A$temp$935                         temp
C:   00000140  A$temp$936                         temp
C:   00000142  A$temp$937                         temp
C:   00000144  A$temp$938                         temp
C:   00000146  A$temp$939                         temp
C:   00000148  A$temp$940                         temp
C:   0000014A  A$temp$941                         temp
C:   0000014C  A$temp$942                         temp
C:   0000014E  A$temp$943                         temp
C:   0000014F  A$temp$944                         temp
C:   00000152  A$temp$945                         temp
C:   00000154  A$temp$946                         temp
C:   00000156  A$temp$947                         temp
C:   00000158  A$temp$948                         temp
C:   00000159  A$temp$949                         temp
C:   0000015B  A$temp$950                         temp
ASxxxx Linker V03.00 + NoICE + sdld,  page 25.
Hexadecimal  [32-Bits]

Area                                    Addr        Size        Decimal Bytes (Attributes)
--------------------------------        ----        ----        ------- ----- ------------
CSEG                                000000BC    000006E2 =        1762. bytes (REL,CON,CODE)

      Value  Global                              Global Defined In Module
      -----  --------------------------------   ------------------------
C:   0000015D  A$temp$951                         temp
C:   0000015F  A$temp$952                         temp
C:   00000161  A$temp$953                         temp
C:   00000163  A$temp$954                         temp
C:   00000165  A$temp$955                         temp
C:   00000166  A$temp$956                         temp
C:   00000169  A$temp$959                         temp
C:   00000169  C$temp.c$77$1$20                   temp
C:   0000016C  A$temp$960                         temp
C:   0000016F  A$temp$961                         temp
C:   00000172  A$temp$962                         temp
C:   00000175  A$temp$963                         temp
C:   00000177  A$temp$964                         temp
C:   00000179  A$temp$965                         temp
C:   0000017B  A$temp$966                         temp
C:   0000017C  A$temp$967                         temp
C:   0000017E  A$temp$968                         temp
C:   00000180  A$temp$969                         temp
C:   00000182  A$temp$970                         temp
C:   00000184  A$temp$971                         temp
C:   00000187  A$temp$972                         temp
C:   0000018A  A$temp$973                         temp
C:   0000018C  A$temp$974                         temp
C:   0000018F  A$temp$975                         temp
C:   00000191  A$temp$976                         temp
C:   00000193  A$temp$977                         temp
C:   00000195  A$temp$978                         temp
C:   00000196  A$temp$979                         temp
C:   00000198  A$temp$980                         temp
C:   0000019A  A$temp$981                         temp
C:   0000019C  A$temp$982                         temp
C:   0000019E  A$temp$983                         temp
C:   000001A0  A$temp$984                         temp
C:   000001A2  A$temp$985                         temp
C:   000001A3  A$temp$986                         temp
C:   000001A6  A$temp$987                         temp
C:   000001A9  A$temp$988                         temp
C:   000001AC  A$temp$991                         temp
C:   000001AC  C$temp.c$78$3$22                   temp
C:   000001AF  A$temp$992                         temp
C:   000001B2  A$temp$995                         temp
C:   000001B2  C$temp.c$79$3$22                   temp
C:   000001B5  A$temp$996                         temp
C:   000001B8  A$temp$997                         temp
C:   000001BB  A$temp$998                         temp
C:   000001BE  A$temp$999                         temp
C:   000001C1  A$temp$1000                        temp
C:   000001C3  A$temp$1001                        temp
C:   000001C5  A$temp$1002                        temp
C:   000001C6  A$temp$1003                        temp
C:   000001C8  A$temp$1006                        temp
ASxxxx Linker V03.00 + NoICE + sdld,  page 26.
Hexadecimal  [32-Bits]

Area                                    Addr        Size        Decimal Bytes (Attributes)
--------------------------------        ----        ----        ------- ----- ------------
CSEG                                000000BC    000006E2 =        1762. bytes (REL,CON,CODE)

      Value  Global                              Global Defined In Module
      -----  --------------------------------   ------------------------
C:   000001C8  C$temp.c$80$1$20                   temp
C:   000001CB  A$temp$1007                        temp
C:   000001CE  A$temp$1008                        temp
C:   000001D1  A$temp$1009                        temp
C:   000001D4  A$temp$1010                        temp
C:   000001D7  A$temp$1013                        temp
C:   000001D7  C$temp.c$81$3$22                   temp
C:   000001DA  A$temp$1014                        temp
C:   000001DD  A$temp$1015                        temp
C:   000001E0  A$temp$1016                        temp
C:   000001E3  A$temp$1017                        temp
C:   000001E6  A$temp$1018                        temp
C:   000001E8  A$temp$1019                        temp
C:   000001EA  A$temp$1020                        temp
C:   000001EB  A$temp$1021                        temp
C:   000001ED  A$temp$1024                        temp
C:   000001ED  C$temp.c$82$1$20                   temp
C:   000001F0  A$temp$1025                        temp
C:   000001F3  A$temp$1026                        temp
C:   000001F6  A$temp$1027                        temp
C:   000001F9  A$temp$1028                        temp
C:   000001FC  A$temp$1031                        temp
C:   000001FC  C$temp.c$83$3$22                   temp
C:   000001FF  A$temp$1032                        temp
C:   00000202  A$temp$1033                        temp
C:   00000205  A$temp$1034                        temp
C:   00000208  A$temp$1035                        temp
C:   0000020B  A$temp$1036                        temp
C:   0000020D  A$temp$1037                        temp
C:   0000020F  A$temp$1038                        temp
C:   00000210  A$temp$1039                        temp
C:   00000212  A$temp$1042                        temp
C:   00000212  C$temp.c$84$1$20                   temp
C:   00000215  A$temp$1043                        temp
C:   00000218  A$temp$1044                        temp
C:   0000021B  A$temp$1045                        temp
C:   0000021E  A$temp$1046                        temp
C:   00000221  A$temp$1049                        temp
C:   00000221  C$temp.c$85$1$20                   temp
C:   00000224  A$temp$1050                        temp
C:   00000227  A$temp$1051                        temp
C:   0000022A  A$temp$1052                        temp
C:   0000022D  A$temp$1053                        temp
C:   00000230  A$temp$1054                        temp
C:   00000232  A$temp$1055                        temp
C:   00000234  A$temp$1056                        temp
C:   00000235  A$temp$1057                        temp
C:   00000237  A$temp$1060                        temp
C:   00000237  C$temp.c$86$3$22                   temp
C:   0000023A  A$temp$1061                        temp
C:   0000023D  A$temp$1062                        temp
ASxxxx Linker V03.00 + NoICE + sdld,  page 27.
Hexadecimal  [32-Bits]

Area                                    Addr        Size        Decimal Bytes (Attributes)
--------------------------------        ----        ----        ------- ----- ------------
CSEG                                000000BC    000006E2 =        1762. bytes (REL,CON,CODE)

      Value  Global                              Global Defined In Module
      -----  --------------------------------   ------------------------
C:   00000240  A$temp$1063                        temp
C:   00000243  A$temp$1064                        temp
C:   00000246  A$temp$1067                        temp
C:   00000246  C$temp.c$90$1$20                   temp
C:   00000246  XG$main$0$0                        temp
C:   00000247  A$temp$1078                        temp
C:   00000247  C$temp.c$97$1$20                   temp
C:   00000247  G$it_SPI$0$0                       temp
C:   00000247  _it_SPI                            temp
C:   00000249  A$temp$1079                        temp
C:   0000024B  A$temp$1080                        temp
C:   0000024E  A$temp$1083                        temp
C:   0000024E  C$temp.c$99$1$25                   temp
C:   00000250  A$temp$1084                        temp
C:   00000253  A$temp$1085                        temp
C:   00000255  A$temp$1087                        temp
C:   00000258  A$temp$1088                        temp
C:   0000025A  A$temp$1090                        temp
C:   0000025D  A$temp$1093                        temp
C:   0000025D  C$temp.c$102$2$26                  temp
C:   00000260  A$temp$1096                        temp
C:   00000260  C$temp.c$103$2$26                  temp
C:   00000262  A$temp$1100                        temp
C:   00000262  C$temp.c$113$1$25                  temp
C:   00000264  A$temp$1101                        temp
C:   00000266  A$temp$1104                        temp
C:   00000266  C$temp.c$114$1$25                  temp
C:   00000266  XG$it_SPI$0$0                      temp
C:   00000267  A$temp$1121                        temp
C:   00000267  C$temp.c$116$1$25                  temp
C:   00000267  C$temp.c$118$1$28                  temp
C:   00000267  G$timer0_ISR$0$0                   temp
C:   00000267  _timer0_ISR                        temp
C:   0000026A  A$temp$1124                        temp
C:   0000026A  C$temp.c$119$1$28                  temp
C:   0000026D  A$temp$1127                        temp
C:   0000026D  C$temp.c$120$1$28                  temp
C:   0000026F  A$temp$1130                        temp
C:   0000026F  C$temp.c$121$1$28                  temp
C:   0000026F  XG$timer0_ISR$0$0                  temp
C:   00000270  A$temp$1149                        temp
C:   00000270  C$temp.c$130$1$28                  temp
C:   00000270  C$temp.c$132$1$29                  temp
C:   00000270  G$SPI_Init$0$0                     temp
C:   00000270  _SPI_Init                          temp
C:   00000272  A$temp$1152                        temp
C:   00000272  C$temp.c$133$1$29                  temp
C:   00000275  A$temp$1155                        temp
C:   00000275  C$temp.c$134$1$29                  temp
C:   00000278  A$temp$1158                        temp
C:   00000278  C$temp.c$135$1$29                  temp
ASxxxx Linker V03.00 + NoICE + sdld,  page 28.
Hexadecimal  [32-Bits]

Area                                    Addr        Size        Decimal Bytes (Attributes)
--------------------------------        ----        ----        ------- ----- ------------
CSEG                                000000BC    000006E2 =        1762. bytes (REL,CON,CODE)

      Value  Global                              Global Defined In Module
      -----  --------------------------------   ------------------------
C:   0000027B  A$temp$1161                        temp
C:   0000027B  C$temp.c$136$1$29                  temp
C:   0000027D  A$temp$1162                        temp
C:   0000027F  A$temp$1163                        temp
C:   00000280  A$temp$1164                        temp
C:   00000282  A$temp$1167                        temp
C:   00000282  C$temp.c$137$1$29                  temp
C:   00000285  A$temp$1170                        temp
C:   00000285  C$temp.c$138$1$29                  temp
C:   00000288  A$temp$1173                        temp
C:   00000288  C$temp.c$139$1$29                  temp
C:   0000028B  A$temp$1176                        temp
C:   0000028B  C$temp.c$140$1$29                  temp
C:   0000028D  A$temp$1179                        temp
C:   0000028D  C$temp.c$141$1$29                  temp
C:   0000028D  XG$SPI_Init$0$0                    temp
C:   0000028E  A$temp$1192                        temp
C:   0000028E  C$temp.c$148$1$29                  temp
C:   0000028E  C$temp.c$155$1$30                  temp
C:   0000028E  G$Timer_Init$0$0                   temp
C:   0000028E  _Timer_Init                        temp
C:   00000291  A$temp$1195                        temp
C:   00000291  C$temp.c$156$1$30                  temp
C:   00000294  A$temp$1198                        temp
C:   00000294  C$temp.c$157$1$30                  temp
C:   00000296  A$temp$1199                        temp
C:   00000298  A$temp$1200                        temp
C:   0000029A  A$temp$1201                        temp
C:   0000029C  A$temp$1204                        temp
C:   0000029C  C$temp.c$158$1$30                  temp
C:   0000029E  A$temp$1207                        temp
C:   0000029E  C$temp.c$159$1$30                  temp
C:   000002A0  A$temp$1210                        temp
C:   000002A0  C$temp.c$160$1$30                  temp
C:   000002A0  XG$Timer_Init$0$0                  temp
C:   000002A1  A$temp$1223                        temp
C:   000002A1  C$temp.c$166$1$30                  temp
C:   000002A1  C$temp.c$168$1$31                  temp
C:   000002A1  G$LCD_Init$0$0                     temp
C:   000002A1  _LCD_Init                          temp
C:   000002A4  A$temp$1224                        temp
C:   000002A7  A$temp$1227                        temp
C:   000002A7  C$temp.c$169$1$31                  temp
C:   000002AA  A$temp$1228                        temp
C:   000002AD  A$temp$1231                        temp
C:   000002AD  C$temp.c$170$1$31                  temp
C:   000002B0  A$temp$1232                        temp
C:   000002B3  A$temp$1235                        temp
C:   000002B3  C$temp.c$171$1$31                  temp
C:   000002B6  A$temp$1236                        temp
C:   000002B9  A$temp$1239                        temp
ASxxxx Linker V03.00 + NoICE + sdld,  page 29.
Hexadecimal  [32-Bits]

Area                                    Addr        Size        Decimal Bytes (Attributes)
--------------------------------        ----        ----        ------- ----- ------------
CSEG                                000000BC    000006E2 =        1762. bytes (REL,CON,CODE)

      Value  Global                              Global Defined In Module
      -----  --------------------------------   ------------------------
C:   000002B9  C$temp.c$172$1$31                  temp
C:   000002BC  A$temp$1240                        temp
C:   000002BF  A$temp$1243                        temp
C:   000002BF  C$temp.c$173$1$31                  temp
C:   000002BF  XG$LCD_Init$0$0                    temp
C:   000002C0  A$temp$1256                        temp
C:   000002C0  C$temp.c$180$1$31                  temp
C:   000002C0  G$LCD_CmdWrite$0$0                 temp
C:   000002C0  _LCD_CmdWrite                      temp
C:   000002C2  A$temp$1259                        temp
C:   000002C2  C$temp.c$182$1$33                  temp
C:   000002C4  A$temp$1260                        temp
C:   000002C7  A$temp$1261                        temp
C:   000002C9  A$temp$1264                        temp
C:   000002C9  C$temp.c$183$1$33                  temp
C:   000002CB  A$temp$1267                        temp
C:   000002CB  C$temp.c$184$1$33                  temp
C:   000002CD  A$temp$1270                        temp
C:   000002CD  C$temp.c$185$1$33                  temp
C:   000002CF  A$temp$1273                        temp
C:   000002CF  C$temp.c$186$1$33                  temp
C:   000002D1  A$temp$1276                        temp
C:   000002D1  C$temp.c$187$1$33                  temp
C:   000002D4  A$temp$1277                        temp
C:   000002D7  A$temp$1280                        temp
C:   000002D7  C$temp.c$188$1$33                  temp
C:   000002D9  A$temp$1283                        temp
C:   000002D9  C$temp.c$189$1$33                  temp
C:   000002DC  A$temp$1284                        temp
C:   000002DF  A$temp$1287                        temp
C:   000002DF  C$temp.c$190$1$33                  temp
C:   000002DF  XG$LCD_CmdWrite$0$0                temp
C:   000002E0  A$temp$1300                        temp
C:   000002E0  C$temp.c$197$1$33                  temp
C:   000002E0  G$LCD_DataWrite$0$0                temp
C:   000002E0  _LCD_DataWrite                     temp
C:   000002E3  A$temp$1303                        temp
C:   000002E3  C$temp.c$200$1$35                  temp
C:   000002E5  A$temp$1306                        temp
C:   000002E5  C$temp.c$201$1$35                  temp
C:   000002E7  A$temp$1309                        temp
C:   000002E7  C$temp.c$202$1$35                  temp
C:   000002E9  A$temp$1312                        temp
C:   000002E9  C$temp.c$203$1$35                  temp
C:   000002EC  A$temp$1313                        temp
C:   000002EF  A$temp$1316                        temp
C:   000002EF  C$temp.c$204$1$35                  temp
C:   000002F1  A$temp$1319                        temp
C:   000002F1  C$temp.c$205$1$35                  temp
C:   000002F4  A$temp$1320                        temp
C:   000002F7  A$temp$1323                        temp
ASxxxx Linker V03.00 + NoICE + sdld,  page 30.
Hexadecimal  [32-Bits]

Area                                    Addr        Size        Decimal Bytes (Attributes)
--------------------------------        ----        ----        ------- ----- ------------
CSEG                                000000BC    000006E2 =        1762. bytes (REL,CON,CODE)

      Value  Global                              Global Defined In Module
      -----  --------------------------------   ------------------------
C:   000002F7  C$temp.c$206$1$35                  temp
C:   000002F7  XG$LCD_DataWrite$0$0               temp
C:   000002F8  A$temp$1337                        temp
C:   000002F8  C$temp.c$212$1$35                  temp
C:   000002F8  G$LCD_StringWrite$0$0              temp
C:   000002F8  _LCD_StringWrite                   temp
C:   000002FA  A$temp$1338                        temp
C:   000002FC  A$temp$1339                        temp
C:   000002FE  A$temp$1343                        temp
C:   000002FE  C$temp.c$214$1$37                  temp
C:   00000300  A$temp$1344                        temp
C:   00000302  A$temp$1347                        temp
C:   00000302  C$temp.c$216$2$38                  temp
C:   00000304  A$temp$1348                        temp
C:   00000306  A$temp$1349                        temp
C:   00000308  A$temp$1350                        temp
C:   0000030B  A$temp$1351                        temp
C:   0000030C  A$temp$1352                        temp
C:   0000030D  A$temp$1353                        temp
C:   0000030F  A$temp$1354                        temp
C:   00000311  A$temp$1355                        temp
C:   00000313  A$temp$1356                        temp
C:   00000315  A$temp$1357                        temp
C:   00000317  A$temp$1358                        temp
C:   00000319  A$temp$1359                        temp
C:   0000031C  A$temp$1360                        temp
C:   0000031E  A$temp$1361                        temp
C:   00000320  A$temp$1362                        temp
C:   00000322  A$temp$1367                        temp
C:   00000322  C$temp.c$217$2$38                  temp
C:   00000322  C$temp.c$218$2$38                  temp
C:   00000324  A$temp$1368                        temp
C:   00000326  A$temp$1372                        temp
C:   00000326  C$temp.c$220$1$37                  temp
C:   00000326  XG$LCD_StringWrite$0$0             temp
C:   00000327  A$temp$1385                        temp
C:   00000327  C$temp.c$227$1$37                  temp
C:   00000327  C$temp.c$229$1$39                  temp
C:   00000327  G$LCD_Ready$0$0                    temp
C:   00000327  _LCD_Ready                         temp
C:   0000032A  A$temp$1388                        temp
C:   0000032A  C$temp.c$230$1$39                  temp
C:   0000032C  A$temp$1391                        temp
C:   0000032C  C$temp.c$231$1$39                  temp
C:   0000032E  A$temp$1394                        temp
C:   0000032E  C$temp.c$232$1$39                  temp
C:   00000330  A$temp$1397                        temp
C:   00000330  C$temp.c$233$1$39                  temp
C:   00000333  A$temp$1398                        temp
C:   00000336  A$temp$1401                        temp
C:   00000336  C$temp.c$234$1$39                  temp
ASxxxx Linker V03.00 + NoICE + sdld,  page 31.
Hexadecimal  [32-Bits]

Area                                    Addr        Size        Decimal Bytes (Attributes)
--------------------------------        ----        ----        ------- ----- ------------
CSEG                                000000BC    000006E2 =        1762. bytes (REL,CON,CODE)

      Value  Global                              Global Defined In Module
      -----  --------------------------------   ------------------------
C:   00000338  A$temp$1405                        temp
C:   00000338  C$temp.c$235$1$39                  temp
C:   0000033B  A$temp$1408                        temp
C:   0000033B  C$temp.c$237$2$40                  temp
C:   0000033D  A$temp$1411                        temp
C:   0000033D  C$temp.c$238$2$40                  temp
C:   0000033F  A$temp$1412                        temp
C:   00000341  A$temp$1416                        temp
C:   00000341  C$temp.c$240$1$39                  temp
C:   00000343  A$temp$1419                        temp
C:   00000343  C$temp.c$241$1$39                  temp
C:   00000343  XG$LCD_Ready$0$0                   temp
C:   00000344  A$temp$1433                        temp
C:   00000344  C$temp.c$248$1$39                  temp
C:   00000344  G$sdelay$0$0                       temp
C:   00000344  _sdelay                            temp
C:   00000346  A$temp$1434                        temp
C:   00000348  A$temp$1438                        temp
C:   00000348  C$temp.c$251$1$42                  temp
C:   00000349  A$temp$1439                        temp
C:   0000034A  A$temp$1440                        temp
C:   0000034B  A$temp$1441                        temp
C:   0000034D  A$temp$1442                        temp
C:   0000034F  A$temp$1443                        temp
C:   00000352  A$temp$1444                        temp
C:   00000354  A$temp$1445                        temp
C:   00000356  A$temp$1448                        temp
C:   00000356  C$temp.c$253$2$43                  temp
C:   00000358  A$temp$1450                        temp
C:   00000359  A$temp$1451                        temp
C:   0000035A  A$temp$1452                        temp
C:   0000035B  A$temp$1453                        temp
C:   0000035C  A$temp$1454                        temp
C:   0000035E  A$temp$1457                        temp
C:   0000035E  C$temp.c$254$2$43                  temp
C:   0000035F  A$temp$1458                        temp
C:   00000362  A$temp$1459                        temp
C:   00000363  A$temp$1461                        temp
C:   00000365  A$temp$1465                        temp
C:   00000365  C$temp.c$256$1$42                  temp
C:   00000365  XG$sdelay$0$0                      temp
C:   00000366  ___fsmul                           _fsmul
C:   00000409  fsgetargs                          _fsget2args
C:   00000437  fs_normalize_a                     _fsnormalize
C:   0000046A  __moduint                          _moduint
C:   000004B7  __divuint                          _divuint
C:   000004E0  ___sint2fs                         _sint2fs
C:   000004ED  ___fs2sint                         _fs2sint
C:   00000521  fs_round_and_return                _fsreturnval
C:   00000539  fs_zerocheck_return                _fsreturnval
C:   00000542  fs_return_zero                     _fsreturnval
ASxxxx Linker V03.00 + NoICE + sdld,  page 32.
Hexadecimal  [32-Bits]

Area                                    Addr        Size        Decimal Bytes (Attributes)
--------------------------------        ----        ----        ------- ----- ------------
CSEG                                000000BC    000006E2 =        1762. bytes (REL,CON,CODE)

      Value  Global                              Global Defined In Module
      -----  --------------------------------   ------------------------
C:   0000054A  fs_direct_return                   _fsreturnval
C:   00000558  fs_return_inf                      _fsreturnval
C:   00000565  fs_return_nan                      _fsreturnval
C:   00000570  ___fsdiv                           _fsdiv
C:   00000633  __gptrget                          _gptrget
C:   0000064F  __modsint                          _modsint
C:   00000685  ___slong2fs                        _slong2fs
C:   0000068E  slong2fs_doit                      _slong2fs
C:   000006B2  __divsint                          _divsint
C:   000006EA  ___fs2slong                        _fs2slong
C:   00000745  __sdcc_external_startup            _startup
C:   00000749  fsgetarg                           _fsget1arg
C:   0000075B  fs_rshift_a                        _fsrshift
ASxxxx Linker V03.00 + NoICE + sdld,  page 33.
Hexadecimal  [32-Bits]

Area                                    Addr        Size        Decimal Bytes (Attributes)
--------------------------------        ----        ----        ------- ----- ------------
CONST                               0000079E    00000010 =          16. bytes (REL,CON,CODE)

      Value  Global                              Global Defined In Module
      -----  --------------------------------   ------------------------
C:   0000079E  Ftemp$__str_0$0$0                  temp

ASxxxx Linker V03.00 + NoICE + sdld,  page 34.

Files Linked                              [ module(s) ]

temp.rel                                  [  ]


Libraries Linked                          [ object file ]

/usr/bin/../share/sdcc/lib/small/libfloat.lib
                                          [ _fsmul.rel ]
/usr/bin/../share/sdcc/lib/small/libfloat.lib
                                          [ _fsget2args.rel ]
/usr/bin/../share/sdcc/lib/small/mcs51.lib
                                          [ crtclear.rel ]
/usr/bin/../share/sdcc/lib/small/libfloat.lib
                                          [ _fsnormalize.rel ]
/usr/bin/../share/sdcc/lib/small/mcs51.lib
                                          [ crtxinit.rel ]
/usr/bin/../share/sdcc/lib/small/libint.lib
                                          [ _moduint.rel ]
/usr/bin/../share/sdcc/lib/small/mcs51.lib
                                          [ crtxclear.rel ]
/usr/bin/../share/sdcc/lib/small/libint.lib
                                          [ _divuint.rel ]
/usr/bin/../share/sdcc/lib/small/libfloat.lib
                                          [ _sint2fs.rel ]
/usr/bin/../share/sdcc/lib/small/libfloat.lib
                                          [ _fs2sint.rel ]
/usr/bin/../share/sdcc/lib/small/libfloat.lib
                                          [ _fsreturnval.rel ]
/usr/bin/../share/sdcc/lib/small/mcs51.lib
                                          [ crtpagesfr.rel ]
/usr/bin/../share/sdcc/lib/small/libfloat.lib
                                          [ _fsdiv.rel ]
/usr/bin/../share/sdcc/lib/small/mcs51.lib
                                          [ crtstart.rel ]
/usr/bin/../share/sdcc/lib/small/libsdcc.lib
                                          [ _gptrget.rel ]
/usr/bin/../share/sdcc/lib/small/libint.lib
                                          [ _modsint.rel ]
/usr/bin/../share/sdcc/lib/small/libfloat.lib
                                          [ _slong2fs.rel ]
/usr/bin/../share/sdcc/lib/small/libint.lib
                                          [ _divsint.rel ]
/usr/bin/../share/sdcc/lib/small/libfloat.lib
                                          [ _fs2slong.rel ]
/usr/bin/../share/sdcc/lib/small/libsdcc.lib
                                          [ _startup.rel ]
/usr/bin/../share/sdcc/lib/small/libfloat.lib
                                          [ _fsget1arg.rel ]
/usr/bin/../share/sdcc/lib/small/libfloat.lib
                                          [ _fsrshift.rel ]

ASxxxx Linker V03.00 + NoICE + sdld,  page 35.

User Base Address Definitions

HOME = 0x0000
XSEG = 0x0001
PSEG = 0x0001
ISEG = 0x0000
BSEG = 0x0000

